../RTOSSDK/peripherals/source/exti.cpp:50:11:stm_ret_t exti_init(GPIO_TypeDef*, uint16_t, exti_edgedetect_t, uint32_t)	40	static,ignoring_inline_asm
../RTOSSDK/peripherals/source/exti.cpp:102:6:void exti_deinit(GPIO_TypeDef*, uint16_t)	12	static,ignoring_inline_asm
../RTOSSDK/peripherals/source/exti.cpp:124:6:void exti_register_event_handler(uint16_t, void (*)(void*), void*)	4	static
../RTOSSDK/peripherals/source/exti.cpp:129:6:void exti_unregister_event_handler(uint16_t)	0	static
../RTOSSDK/peripherals/source/exti.cpp:134:6:void EXTI_IRQHandler(uint16_t)	0	static
../RTOSSDK/peripherals/source/exti.cpp:142:6:void EXTI0_IRQHandler()	0	static
../RTOSSDK/peripherals/source/exti.cpp:146:6:void EXTI1_IRQHandler()	0	static
../RTOSSDK/peripherals/source/exti.cpp:150:6:void EXTI2_IRQHandler()	0	static
../RTOSSDK/peripherals/source/exti.cpp:154:6:void EXTI3_IRQHandler()	0	static
../RTOSSDK/peripherals/source/exti.cpp:158:6:void EXTI4_IRQHandler()	0	static
../RTOSSDK/peripherals/source/exti.cpp:162:6:void EXTI9_5_IRQHandler()	8	static
../RTOSSDK/peripherals/source/exti.cpp:170:6:void EXTI15_10_IRQHandler()	8	static
