../RTOSSDK/peripherals/source/exti.cpp:52:11:stm_ret_t exti_init(GPIO_TypeDef*, uint16_t, exti_edgedetect_t, uint32_t)	40	static,ignoring_inline_asm
../RTOSSDK/peripherals/source/exti.cpp:105:6:void exti_deinit(GPIO_TypeDef*, uint16_t)	12	static,ignoring_inline_asm
../RTOSSDK/peripherals/source/exti.cpp:127:6:void exti_register_event_handler(uint16_t, void (*)(void*), void*)	4	static
../RTOSSDK/peripherals/source/exti.cpp:132:6:void exti_unregister_event_handler(uint16_t)	0	static
../RTOSSDK/peripherals/source/exti.cpp:137:6:void EXTI_IRQHandler(uint16_t)	0	static
../RTOSSDK/peripherals/source/exti.cpp:145:6:void EXTI0_IRQHandler()	0	static
../RTOSSDK/peripherals/source/exti.cpp:149:6:void EXTI1_IRQHandler()	0	static
../RTOSSDK/peripherals/source/exti.cpp:153:6:void EXTI2_IRQHandler()	0	static
../RTOSSDK/peripherals/source/exti.cpp:157:6:void EXTI3_IRQHandler()	0	static
../RTOSSDK/peripherals/source/exti.cpp:161:6:void EXTI4_IRQHandler()	0	static
../RTOSSDK/peripherals/source/exti.cpp:165:6:void EXTI9_5_IRQHandler()	8	static
../RTOSSDK/peripherals/source/exti.cpp:173:6:void EXTI15_10_IRQHandler()	8	static
