../Drivers/CMSIS/Include/core_cm4.h:1688:22:void __NVIC_EnableIRQ(IRQn_Type)	16	static
../Drivers/CMSIS/Include/core_cm4.h:1724:22:void __NVIC_DisableIRQ(IRQn_Type)	16	static,ignoring_inline_asm
../Drivers/CMSIS/Include/core_cm4.h:1777:22:void __NVIC_ClearPendingIRQ(IRQn_Type)	16	static
../Drivers/CMSIS/Include/core_cm4.h:1816:22:void __NVIC_SetPriority(IRQn_Type, uint32_t)	16	static
../Drivers/CMSIS/Include/core_cm4.h:1939:34:void __NVIC_SystemReset()	4	static,ignoring_inline_asm
../RTOSSDK/peripherals/source/tim.cpp:27:1:tim::tim(TIM_TypeDef*)	16	static
../RTOSSDK/peripherals/source/tim.cpp:32:11:stm_ret_t tim::init(tim_config_t*)	24	static
../RTOSSDK/peripherals/source/tim.cpp:139:15:tim_config_t* tim::get_config()	16	static
../RTOSSDK/peripherals/source/tim.cpp:143:6:void tim::set_prescaler(uint32_t)	16	static
../RTOSSDK/peripherals/source/tim.cpp:147:6:void tim::set_autoreload(uint32_t)	16	static
../RTOSSDK/peripherals/source/tim.cpp:152:6:void tim::reset_counter()	16	static
../RTOSSDK/peripherals/source/tim.cpp:156:10:uint32_t tim::get_counter()	16	static
../RTOSSDK/peripherals/source/tim.cpp:160:6:void tim::delay_us(uint32_t)	16	static
../RTOSSDK/peripherals/source/tim.cpp:165:6:void tim::delay_ms(uint32_t)	24	static
../RTOSSDK/peripherals/source/tim.cpp:169:6:void tim::clear_update_isr()	16	static
../RTOSSDK/peripherals/source/tim.cpp:174:11:stm_ret_t tim::register_event_handler(void (*)(tim_channel_t, tim_event_t, void*), void*)	24	static
../RTOSSDK/peripherals/source/tim.cpp:191:11:stm_ret_t tim::unregister_event_handler()	16	static
../RTOSSDK/peripherals/source/tim.cpp:207:11:stm_ret_t tim::start()	16	static
../RTOSSDK/peripherals/source/tim.cpp:222:11:stm_ret_t tim::stop()	16	static
../RTOSSDK/peripherals/source/tim.cpp:237:11:stm_ret_t tim::start_it()	16	static
../RTOSSDK/peripherals/source/tim.cpp:284:11:stm_ret_t tim::stop_it()	16	static
../RTOSSDK/peripherals/source/tim.cpp:314:11:stm_ret_t tim::start_dma(uint32_t*, uint16_t)	48	static
../RTOSSDK/peripherals/source/tim.cpp:341:11:stm_ret_t tim::stop_dma()	32	static
../RTOSSDK/peripherals/source/tim.cpp:377:11:stm_ret_t tim::set_mode_pwm_output(tim_channel_t, tim_pwm_t*)	32	static
../RTOSSDK/peripherals/source/tim.cpp:416:11:stm_ret_t tim::pwm_output_start(tim_channel_t, uint32_t)	32	static
../RTOSSDK/peripherals/source/tim.cpp:435:11:stm_ret_t tim::pwm_output_stop(tim_channel_t)	24	static
../RTOSSDK/peripherals/source/tim.cpp:453:11:stm_ret_t tim::pwm_output_start_it(tim_channel_t, uint32_t)	32	static
../RTOSSDK/peripherals/source/tim.cpp:503:11:stm_ret_t tim::pwm_output_stop_it(tim_channel_t)	24	static
../RTOSSDK/peripherals/source/tim.cpp:533:11:stm_ret_t tim::pwm_output_start_dma(tim_channel_t, uint32_t*, uint16_t)	56	static
../RTOSSDK/peripherals/source/tim.cpp:598:11:stm_ret_t tim::pwm_output_stop_dma(tim_channel_t)	48	static
../RTOSSDK/peripherals/source/tim.cpp:651:11:stm_ret_t tim::pwm_output_set_duty(tim_channel_t, uint32_t)	24	static
../RTOSSDK/peripherals/source/tim.cpp:676:11:stm_ret_t tim::set_mode_pwm_input(tim_channel_t, tim_pwm_t*)	32	static
../RTOSSDK/peripherals/source/tim.cpp:737:11:stm_ret_t tim::pwm_input_start(tim_channel_t)	24	static
../RTOSSDK/peripherals/source/tim.cpp:741:11:stm_ret_t tim::pwm_input_stop(tim_channel_t)	24	static
../RTOSSDK/peripherals/source/tim.cpp:745:11:stm_ret_t tim::pwm_input_start_it(tim_channel_t)	24	static
../RTOSSDK/peripherals/source/tim.cpp:749:11:stm_ret_t tim::pwm_input_stop_it(tim_channel_t)	24	static
../RTOSSDK/peripherals/source/tim.cpp:753:11:stm_ret_t tim::pwm_input_start_dma(tim_channel_t, uint32_t*, uint16_t)	32	static
../RTOSSDK/peripherals/source/tim.cpp:757:11:stm_ret_t tim::pwm_input_stop_dma(tim_channel_t)	24	static
../RTOSSDK/peripherals/source/tim.cpp:766:11:stm_ret_t tim::set_mode_encoder(tim_encoder_t*)	32	static
../RTOSSDK/peripherals/source/tim.cpp:809:11:stm_ret_t tim::encoder_start()	24	static
../RTOSSDK/peripherals/source/tim.cpp:836:11:stm_ret_t tim::encoder_stop()	24	static
../RTOSSDK/peripherals/source/tim.cpp:863:11:stm_ret_t tim::encoder_start_it()	24	static
../RTOSSDK/peripherals/source/tim.cpp:923:11:stm_ret_t tim::encoder_stop_it()	16	static
../RTOSSDK/peripherals/source/tim.cpp:950:11:stm_ret_t tim::encoder_start_dma(uint32_t*, uint32_t*, uint16_t)	56	static
../RTOSSDK/peripherals/source/tim.cpp:1038:11:stm_ret_t tim::encoder_stop_dma()	40	static
../RTOSSDK/peripherals/source/tim.cpp:1115:9:int16_t tim::encoder_get_counter()	16	static
../RTOSSDK/peripherals/source/tim.cpp:1119:10:uint32_t tim::encoder_get_base_counter()	16	static
../RTOSSDK/peripherals/source/tim.cpp:1125:11:stm_ret_t tim::set_mode_inputcapture(tim_channel_t, tim_inputcapture_t*)	32	static
../RTOSSDK/peripherals/source/tim.cpp:1172:11:stm_ret_t tim::inputcapture_start(tim_channel_t)	24	static
../RTOSSDK/peripherals/source/tim.cpp:1188:11:stm_ret_t tim::inputcapture_stop(tim_channel_t)	24	static
../RTOSSDK/peripherals/source/tim.cpp:1204:11:stm_ret_t tim::inputcapture_start_it(tim_channel_t)	24	static
../RTOSSDK/peripherals/source/tim.cpp:1227:11:stm_ret_t tim::inputcapture_stop_it(tim_channel_t)	24	static
../RTOSSDK/peripherals/source/tim.cpp:1249:11:stm_ret_t tim::inputcapture_start_dma(tim_channel_t, uint32_t*, uint16_t)	56	static
../RTOSSDK/peripherals/source/tim.cpp:1314:11:stm_ret_t tim::inputcapture_stop_dma(tim_channel_t)	48	static
../RTOSSDK/peripherals/source/tim.cpp:1367:10:uint32_t tim::get_capture_counter(tim_channel_t)	16	static
../RTOSSDK/peripherals/source/tim.cpp:1387:11:stm_ret_t tim::set_mode_outputcompare(tim_channel_t, tim_outputcompare_t*)	32	static
../RTOSSDK/peripherals/source/tim.cpp:1429:11:stm_ret_t tim::outputcompare_start(tim_channel_t, uint32_t)	24	static
../RTOSSDK/peripherals/source/tim.cpp:1433:11:stm_ret_t tim::outputcompare_stop(tim_channel_t)	24	static
../RTOSSDK/peripherals/source/tim.cpp:1437:11:stm_ret_t tim::outputcompare_start_it(tim_channel_t, uint32_t)	24	static
../RTOSSDK/peripherals/source/tim.cpp:1441:11:stm_ret_t tim::outputcompare_stop_it(tim_channel_t)	24	static
../RTOSSDK/peripherals/source/tim.cpp:1446:11:stm_ret_t tim::outputcompare_start_dma(tim_channel_t, uint32_t*, uint16_t)	32	static
../RTOSSDK/peripherals/source/tim.cpp:1450:11:stm_ret_t tim::outputcompare_stop_dma(tim_channel_t)	24	static
../RTOSSDK/peripherals/source/tim.cpp:1456:11:stm_ret_t tim::set_pulse(tim_channel_t, uint32_t)	24	static
../RTOSSDK/peripherals/source/tim.cpp:1464:6:void TIM_IRQHandler(tim*)	24	static
../RTOSSDK/peripherals/source/tim.cpp:1531:6:void TIM1_CC_IRQHandler()	8	static
../RTOSSDK/peripherals/source/tim.cpp:1564:6:void TIM2_IRQHandler()	8	static
../RTOSSDK/peripherals/source/tim.cpp:1573:6:void TIM3_IRQHandler()	8	static
../RTOSSDK/peripherals/source/tim.cpp:1582:6:void TIM4_IRQHandler()	8	static
../RTOSSDK/peripherals/source/tim.cpp:1591:6:void TIM5_IRQHandler()	8	static
../RTOSSDK/peripherals/source/tim.cpp:1600:6:void TIM6_DAC_IRQHandler()	8	static
../RTOSSDK/peripherals/source/tim.cpp:1612:6:void TIM7_IRQHandler()	8	static
../RTOSSDK/peripherals/source/tim.cpp:1621:6:void TIM8_CC_IRQHandler()	8	static
../RTOSSDK/peripherals/source/tim.cpp:1655:6:void TIM1_BRK_TIM9_IRQHandler()	8	static
../RTOSSDK/peripherals/source/tim.cpp:1667:6:void TIM1_UP_TIM10_IRQHandler()	8	static
../RTOSSDK/peripherals/source/tim.cpp:1679:6:void TIM1_TRG_COM_TIM11_IRQHandler()	8	static
../RTOSSDK/peripherals/source/tim.cpp:1691:6:void TIM8_BRK_TIM12_IRQHandler()	8	static
../RTOSSDK/peripherals/source/tim.cpp:1703:6:void TIM8_UP_TIM13_IRQHandler()	8	static
../RTOSSDK/peripherals/source/tim.cpp:1715:6:void TIM8_TRG_COM_TIM14_IRQHandler()	8	static
../RTOSSDK/peripherals/source/tim.cpp:1720:1:void __static_initialization_and_destruction_0(int, int)	16	static
../RTOSSDK/peripherals/source/tim.cpp:1720:1:cpp)	8	static
