../Drivers/CMSIS/Include/core_cm4.h:1939:34:void __NVIC_SystemReset()	0	static,ignoring_inline_asm
../RTOSSDK/peripherals/source/tim.cpp:27:1:tim::tim(TIM_TypeDef*)	0	static
../RTOSSDK/peripherals/source/tim.cpp:32:11:stm_ret_t tim::init(tim_config_t*)	12	static
../RTOSSDK/peripherals/source/tim.cpp:139:15:tim_config_t* tim::get_config()	0	static
../RTOSSDK/peripherals/source/tim.cpp:143:6:void tim::set_prescaler(uint32_t)	0	static
../RTOSSDK/peripherals/source/tim.cpp:147:6:void tim::set_autoreload(uint32_t)	0	static
../RTOSSDK/peripherals/source/tim.cpp:152:6:void tim::reset_counter()	0	static
../RTOSSDK/peripherals/source/tim.cpp:156:10:uint32_t tim::get_counter()	0	static
../RTOSSDK/peripherals/source/tim.cpp:160:6:void tim::delay_us(uint32_t)	0	static
../RTOSSDK/peripherals/source/tim.cpp:165:6:void tim::delay_ms(uint32_t)	0	static
../RTOSSDK/peripherals/source/tim.cpp:169:6:void tim::clear_update_isr()	0	static
../RTOSSDK/peripherals/source/tim.cpp:174:11:stm_ret_t tim::register_event_handler(void (*)(tim_channel_t, tim_event_t, void*), void*)	16	static
../RTOSSDK/peripherals/source/tim.cpp:191:11:stm_ret_t tim::unregister_event_handler()	8	static
../RTOSSDK/peripherals/source/tim.cpp:207:11:stm_ret_t tim::start()	8	static
../RTOSSDK/peripherals/source/tim.cpp:222:11:stm_ret_t tim::stop()	8	static
../RTOSSDK/peripherals/source/tim.cpp:237:11:stm_ret_t tim::start_it()	24	static
../RTOSSDK/peripherals/source/tim.cpp:284:11:stm_ret_t tim::stop_it()	16	static,ignoring_inline_asm
../RTOSSDK/peripherals/source/tim.cpp:314:11:stm_ret_t tim::start_dma(uint32_t*, uint16_t)	32	static
../RTOSSDK/peripherals/source/tim.cpp:341:11:stm_ret_t tim::stop_dma()	24	static
../RTOSSDK/peripherals/source/tim.cpp:377:11:stm_ret_t tim::set_mode_pwm_output(tim_channel_t, tim_pwm_t*)	32	static
../RTOSSDK/peripherals/source/tim.cpp:419:11:stm_ret_t tim::pwm_output_start(tim_channel_t, uint32_t)	16	static
../RTOSSDK/peripherals/source/tim.cpp:438:11:stm_ret_t tim::pwm_output_stop(tim_channel_t)	16	static
../RTOSSDK/peripherals/source/tim.cpp:456:11:stm_ret_t tim::pwm_output_start_it(tim_channel_t, uint32_t)	24	static
../RTOSSDK/peripherals/source/tim.cpp:506:11:stm_ret_t tim::pwm_output_stop_it(tim_channel_t)	16	static,ignoring_inline_asm
../RTOSSDK/peripherals/source/tim.cpp:536:11:stm_ret_t tim::pwm_output_start_dma(tim_channel_t, uint32_t*, uint16_t)	40	static
../RTOSSDK/peripherals/source/tim.cpp:601:11:stm_ret_t tim::pwm_output_stop_dma(tim_channel_t)	32	static
../RTOSSDK/peripherals/source/tim.cpp:654:11:stm_ret_t tim::pwm_output_set_duty(tim_channel_t, uint32_t)	4	static
../RTOSSDK/peripherals/source/tim.cpp:679:11:stm_ret_t tim::set_mode_pwm_input(tim_channel_t, tim_pwm_t*)	24	static
../RTOSSDK/peripherals/source/tim.cpp:742:11:stm_ret_t tim::pwm_input_start(tim_channel_t)	16	static
../RTOSSDK/peripherals/source/tim.cpp:746:11:stm_ret_t tim::pwm_input_stop(tim_channel_t)	16	static
../RTOSSDK/peripherals/source/tim.cpp:750:11:stm_ret_t tim::pwm_input_start_it(tim_channel_t)	16	static
../RTOSSDK/peripherals/source/tim.cpp:754:11:stm_ret_t tim::pwm_input_stop_it(tim_channel_t)	16	static,ignoring_inline_asm
../RTOSSDK/peripherals/source/tim.cpp:758:11:stm_ret_t tim::pwm_input_start_dma(tim_channel_t, uint32_t*, uint16_t)	40	static
../RTOSSDK/peripherals/source/tim.cpp:762:11:stm_ret_t tim::pwm_input_stop_dma(tim_channel_t)	32	static
../RTOSSDK/peripherals/source/tim.cpp:771:11:stm_ret_t tim::set_mode_encoder(tim_encoder_t*)	32	static
../RTOSSDK/peripherals/source/tim.cpp:817:11:stm_ret_t tim::encoder_start()	8	static
../RTOSSDK/peripherals/source/tim.cpp:844:11:stm_ret_t tim::encoder_stop()	8	static
../RTOSSDK/peripherals/source/tim.cpp:871:11:stm_ret_t tim::encoder_start_it()	16	static
../RTOSSDK/peripherals/source/tim.cpp:931:11:stm_ret_t tim::encoder_stop_it()	16	static,ignoring_inline_asm
../RTOSSDK/peripherals/source/tim.cpp:958:11:stm_ret_t tim::encoder_start_dma(uint32_t*, uint32_t*, uint16_t)	40	static
../RTOSSDK/peripherals/source/tim.cpp:1046:11:stm_ret_t tim::encoder_stop_dma()	24	static
../RTOSSDK/peripherals/source/tim.cpp:1123:9:int16_t tim::encoder_get_counter()	0	static
../RTOSSDK/peripherals/source/tim.cpp:1127:10:uint32_t tim::encoder_get_base_counter()	0	static
../RTOSSDK/peripherals/source/tim.cpp:1133:11:stm_ret_t tim::set_mode_inputcapture(tim_channel_t, tim_inputcapture_t*)	24	static
../RTOSSDK/peripherals/source/tim.cpp:1184:11:stm_ret_t tim::inputcapture_start(tim_channel_t)	16	static
../RTOSSDK/peripherals/source/tim.cpp:1200:11:stm_ret_t tim::inputcapture_stop(tim_channel_t)	16	static
../RTOSSDK/peripherals/source/tim.cpp:1216:11:stm_ret_t tim::inputcapture_start_it(tim_channel_t)	16	static
../RTOSSDK/peripherals/source/tim.cpp:1239:11:stm_ret_t tim::inputcapture_stop_it(tim_channel_t)	16	static,ignoring_inline_asm
../RTOSSDK/peripherals/source/tim.cpp:1261:11:stm_ret_t tim::inputcapture_start_dma(tim_channel_t, uint32_t*, uint16_t)	40	static
../RTOSSDK/peripherals/source/tim.cpp:1326:11:stm_ret_t tim::inputcapture_stop_dma(tim_channel_t)	32	static
../RTOSSDK/peripherals/source/tim.cpp:1379:10:uint32_t tim::get_capture_counter(tim_channel_t)	0	static
../RTOSSDK/peripherals/source/tim.cpp:1399:11:stm_ret_t tim::set_mode_outputcompare(tim_channel_t, tim_outputcompare_t*)	24	static
../RTOSSDK/peripherals/source/tim.cpp:1444:11:stm_ret_t tim::outputcompare_start(tim_channel_t, uint32_t)	16	static
../RTOSSDK/peripherals/source/tim.cpp:1448:11:stm_ret_t tim::outputcompare_stop(tim_channel_t)	16	static
../RTOSSDK/peripherals/source/tim.cpp:1452:11:stm_ret_t tim::outputcompare_start_it(tim_channel_t, uint32_t)	24	static
../RTOSSDK/peripherals/source/tim.cpp:1456:11:stm_ret_t tim::outputcompare_stop_it(tim_channel_t)	16	static,ignoring_inline_asm
../RTOSSDK/peripherals/source/tim.cpp:1461:11:stm_ret_t tim::outputcompare_start_dma(tim_channel_t, uint32_t*, uint16_t)	40	static
../RTOSSDK/peripherals/source/tim.cpp:1465:11:stm_ret_t tim::outputcompare_stop_dma(tim_channel_t)	32	static
../RTOSSDK/peripherals/source/tim.cpp:1471:11:stm_ret_t tim::set_pulse(tim_channel_t, uint32_t)	0	static
../RTOSSDK/peripherals/source/tim.cpp:1479:6:void TIM_IRQHandler(tim*)	0	static
../RTOSSDK/peripherals/source/tim.cpp:1546:6:void TIM1_CC_IRQHandler()	0	static
../RTOSSDK/peripherals/source/tim.cpp:1579:6:void TIM2_IRQHandler()	0	static
../RTOSSDK/peripherals/source/tim.cpp:1588:6:void TIM3_IRQHandler()	0	static
../RTOSSDK/peripherals/source/tim.cpp:1597:6:void TIM4_IRQHandler()	0	static
../RTOSSDK/peripherals/source/tim.cpp:1606:6:void TIM5_IRQHandler()	0	static
../RTOSSDK/peripherals/source/tim.cpp:1615:6:void TIM6_DAC_IRQHandler()	0	static
../RTOSSDK/peripherals/source/tim.cpp:1627:6:void TIM7_IRQHandler()	0	static
../RTOSSDK/peripherals/source/tim.cpp:1636:6:void TIM8_CC_IRQHandler()	0	static
../RTOSSDK/peripherals/source/tim.cpp:1670:6:void TIM1_BRK_TIM9_IRQHandler()	8	static
../RTOSSDK/peripherals/source/tim.cpp:1682:6:void TIM1_UP_TIM10_IRQHandler()	8	static
../RTOSSDK/peripherals/source/tim.cpp:1694:6:void TIM1_TRG_COM_TIM11_IRQHandler()	8	static
../RTOSSDK/peripherals/source/tim.cpp:1706:6:void TIM8_BRK_TIM12_IRQHandler()	8	static
../RTOSSDK/peripherals/source/tim.cpp:1718:6:void TIM8_UP_TIM13_IRQHandler()	8	static
../RTOSSDK/peripherals/source/tim.cpp:1730:6:void TIM8_TRG_COM_TIM14_IRQHandler()	8	static
../RTOSSDK/peripherals/source/tim.cpp:1735:1:cpp)	36	static
