../RTOSSDK/components/parse_packet/parse_packet.cpp:28:11:pkt_err_t json_get_object(char*, pkt_json_t*, char*)	56	static
../RTOSSDK/components/parse_packet/parse_packet.cpp:137:11:pkt_err_t json_release_object(pkt_json_t*)	8	static
../RTOSSDK/components/parse_packet/parse_packet.cpp:145:11:pkt_err_t parse_packet(char*, pkt_t*)	32	static
../RTOSSDK/components/parse_packet/parse_packet.cpp:188:11:pkt_err_t release_packet(pkt_t*)	8	static
../RTOSSDK/components/parse_packet/parse_packet.cpp:195:5:int str_to_cmd(char*, const char**, int)	24	static
../RTOSSDK/components/parse_packet/parse_packet.cpp:208:7:char* cmd_to_str(int, const char**)	0	static
