../RTOSSDK/components/spiflash/spiflash.cpp:41:1:SPIFLASH::SPIFLASH(GPIO_TypeDef*, uint16_t)	0	static
../RTOSSDK/components/spiflash/spiflash.cpp:47:1:SPIFLASH::SPIFLASH()	0	static
../RTOSSDK/components/spiflash/spiflash.cpp:50:6:void SPIFLASH::CS_Active()	0	static
../RTOSSDK/components/spiflash/spiflash.cpp:53:6:void SPIFLASH::CS_Idle()	0	static
../RTOSSDK/components/spiflash/spiflash.cpp:58:6:void SPIFLASH::WriteEnable()	24	static
../RTOSSDK/components/spiflash/spiflash.cpp:71:6:void SPIFLASH::WriteDisable()	24	static
../RTOSSDK/components/spiflash/spiflash.cpp:83:9:uint8_t SPIFLASH::ReadStatusRegister(uint8_t)	32	static
../RTOSSDK/components/spiflash/spiflash.cpp:119:6:void SPIFLASH::WriteStatusRegister(uint8_t, uint8_t)	48	static
../RTOSSDK/components/spiflash/spiflash.cpp:151:6:void SPIFLASH::ProtectedChip()	0	static
../RTOSSDK/components/spiflash/spiflash.cpp:154:6:void SPIFLASH::UnProtectedChip()	0	static
../RTOSSDK/components/spiflash/spiflash.cpp:158:6:void SPIFLASH::Reset()	24	static
../RTOSSDK/components/spiflash/spiflash.cpp:167:6:void SPIFLASH::WaitWriteEnd()	32	static
../RTOSSDK/components/spiflash/spiflash.cpp:183:6:void SPIFLASH::SetAddress(uint32_t)	40	static
../RTOSSDK/components/spiflash/spiflash.cpp:197:10:uint32_t SPIFLASH::ReadID()	24	static
../RTOSSDK/components/spiflash/spiflash.cpp:220:10:uint32_t SPIFLASH::Init(spi_t)	40	static
../RTOSSDK/components/spiflash/spiflash.cpp:270:6:void SPIFLASH::EraseSector(uint32_t)	40	static
../RTOSSDK/components/spiflash/spiflash.cpp:288:6:void SPIFLASH::EraseBlock(uint32_t)	40	static
../RTOSSDK/components/spiflash/spiflash.cpp:306:6:void SPIFLASH::EraseChip()	32	static
../RTOSSDK/components/spiflash/spiflash.cpp:323:6:void SPIFLASH::ReadBytes(uint32_t, uint8_t*, uint16_t)	48	static
../RTOSSDK/components/spiflash/spiflash.cpp:351:6:void SPIFLASH::WriteBytes(uint32_t, uint8_t*, uint16_t)	48	static
