../RTOSSDK/network/network/netconnect.cpp:152:13:void tcpip_init_done(void*)	0	static
../RTOSSDK/network/network/netconnect.cpp:47:15:netif* net_get_netif()	0	static
../RTOSSDK/network/network/netconnect.cpp:50:20:ETH_HandleTypeDef* net_get_eth()	0	static
../RTOSSDK/network/network/netconnect.cpp:83:6:bool net_is_connected()	0	static
../RTOSSDK/network/network/netconnect.cpp:87:6:void net_linkup_register_event_handler(void (*)())	0	static
../RTOSSDK/network/network/netconnect.cpp:90:6:void net_linkdown_register_event_handler(void (*)())	0	static
../RTOSSDK/network/network/netconnect.cpp:122:6:void net_wait_ip_address()	56	static
../RTOSSDK/network/network/netconnect.cpp:94:13:void link_event_handler(netif*)	8	static
../RTOSSDK/network/network/netconnect.cpp:57:6:void net_init_start(uint32_t)	32	static
../RTOSSDK/network/network/netconnect.cpp:161:6:void net_dhcp_start()	0	static
../RTOSSDK/network/network/netconnect.cpp:164:6:void net_dhcp_stop()	0	static
../RTOSSDK/network/network/netconnect.cpp:172:10:uint8_t* net_get_mac_address()	0	static
../RTOSSDK/network/network/netconnect.cpp:175:7:char* net_get_mac_address_str()	24	static
../RTOSSDK/network/network/netconnect.cpp:185:6:void net_set_ip_address(ip_addr_t, ip_addr_t, ip_addr_t)	24	static
../RTOSSDK/network/network/netconnect.cpp:188:6:void net_set_ip_address_str(char*, char*, char*)	32	static
../RTOSSDK/network/network/netconnect.cpp:199:12:ip_addr_t* net_get_ip_address()	0	static
../RTOSSDK/network/network/netconnect.cpp:202:7:char* net_get_ip_address_str()	0	static
../RTOSSDK/network/network/netconnect.cpp:207:12:ip_addr_t* net_get_netmask()	0	static
../RTOSSDK/network/network/netconnect.cpp:210:7:char* net_get_netmask_str()	0	static
../RTOSSDK/network/network/netconnect.cpp:215:12:ip_addr_t* net_get_gateway_address()	0	static
../RTOSSDK/network/network/netconnect.cpp:218:7:char* net_get_netmask_gateway_str()	0	static
