../RTOSSDK/components/loraif/loraif.cpp:155:13:void set_response_ok(uint32_t, lora_event_t)	40	static
../RTOSSDK/components/loraif/loraif.cpp:142:13:0(char*)	16	static
../RTOSSDK/components/loraif/loraif.cpp:99:6:void loraif_init(sx127x*, uint8_t, uint8_t, uint32_t, uint8_t)	8	static
../RTOSSDK/components/loraif/loraif.cpp:112:6:void loraif_register_event_handler(void (*)(lora_event_t, char*))	0	static
../RTOSSDK/components/loraif/loraif.cpp:116:6:bool loraif_check_crc(char*)	40	static
../RTOSSDK/components/loraif/loraif.cpp:172:6:void loraif_request(uint32_t, lora_event_t, char*, int)	64	static
../RTOSSDK/components/loraif/loraif.cpp:402:6:void loraif_request_data()	16	static
../RTOSSDK/components/loraif/loraif.cpp:414:6:void loraif_add_device(char*, void*)	48	static
../RTOSSDK/components/loraif/loraif.cpp:442:6:void loraif_remove_device(char*)	48	static
../RTOSSDK/components/loraif/loraif.cpp:478:15:loraif_dev_t* loraif_select_device(char*)	32	static
../RTOSSDK/components/loraif/loraif.cpp:212:6:void loraif_rx_process(void*)	88	static
../RTOSSDK/components/loraif/loraif.cpp:360:6:void loraif_check_timeout()	64	static
../RTOSSDK/components/loraif/loraif.cpp:349:6:void loraif_response()	16	static
../RTOSSDK/components/loraif/loraif.cpp:507:1:cpp)	0	static
../RTOSSDK/components/loraif/loraif.cpp:507:1:cpp)	16	static
