../Middlewares/Third_Party/LwIP/src/api/sockets.c:501:1:alloc_socket	32	static
../Middlewares/Third_Party/LwIP/src/api/sockets.c:920:1:lwip_recv_tcp	56	static
../Middlewares/Third_Party/LwIP/src/api/sockets.c:1023:1:lwip_sock_make_addr.constprop.isra	40	static
../Middlewares/Third_Party/LwIP/src/api/sockets.c:1088:1:lwip_recvfrom_udp_raw.constprop	48	static
../Middlewares/Third_Party/LwIP/src/api/sockets.c:377:1:done_socket	24	static
../Middlewares/Third_Party/LwIP/src/api/sockets.c:2477:1:event_callback	40	static
../Middlewares/Third_Party/LwIP/src/api/sockets.c:1907:1:lwip_select_inc_sockets_used_set.part.0	40	static
../Middlewares/Third_Party/LwIP/src/api/sockets.c:1835:1:lwip_selscan	64	static
../Middlewares/Third_Party/LwIP/src/api/sockets.c:2193:1:lwip_pollscan	80	static
../Middlewares/Third_Party/LwIP/src/api/sockets.c:2299:1:lwip_poll_dec_sockets_used.part.0	40	static
../Middlewares/Third_Party/LwIP/src/api/sockets.c:320:1:lwip_socket_thread_init	0	static
../Middlewares/Third_Party/LwIP/src/api/sockets.c:327:1:lwip_socket_thread_cleanup	0	static
../Middlewares/Third_Party/LwIP/src/api/sockets.c:422:1:lwip_socket_dbg_get_socket	0	static
../Middlewares/Third_Party/LwIP/src/api/sockets.c:620:1:lwip_accept	80	static
../Middlewares/Third_Party/LwIP/src/api/sockets.c:718:1:lwip_bind	40	static
../Middlewares/Third_Party/LwIP/src/api/sockets.c:772:1:lwip_close	40	static
../Middlewares/Third_Party/LwIP/src/api/sockets.c:813:1:lwip_connect	40	static
../Middlewares/Third_Party/LwIP/src/api/sockets.c:881:1:lwip_listen	32	static
../Middlewares/Third_Party/LwIP/src/api/sockets.c:1199:1:lwip_recvfrom	88	static
../Middlewares/Third_Party/LwIP/src/api/sockets.c:1252:1:lwip_read	72	static
../Middlewares/Third_Party/LwIP/src/api/sockets.c:1258:1:lwip_readv	56	static
../Middlewares/Third_Party/LwIP/src/api/sockets.c:1275:1:lwip_recv	80	static
../Middlewares/Third_Party/LwIP/src/api/sockets.c:1281:1:lwip_recvmsg	48	static
../Middlewares/Third_Party/LwIP/src/api/sockets.c:1422:1:lwip_sendmsg	80	static
../Middlewares/Third_Party/LwIP/src/api/sockets.c:1585:1:lwip_sendto	64	static
../Middlewares/Third_Party/LwIP/src/api/sockets.c:1382:1:lwip_send	56	static
../Middlewares/Third_Party/LwIP/src/api/sockets.c:1685:1:lwip_socket	16	static
../Middlewares/Third_Party/LwIP/src/api/sockets.c:1746:1:lwip_write	48	static
../Middlewares/Third_Party/LwIP/src/api/sockets.c:1752:1:lwip_writev	48	static
../Middlewares/Third_Party/LwIP/src/api/sockets.c:1964:1:lwip_select	144	static
../Middlewares/Third_Party/LwIP/src/api/sockets.c:2319:1:lwip_poll	104	static
../Middlewares/Third_Party/LwIP/src/api/sockets.c:2655:1:lwip_shutdown	32	static
../Middlewares/Third_Party/LwIP/src/api/sockets.c:2747:1:lwip_getpeername	56	static
../Middlewares/Third_Party/LwIP/src/api/sockets.c:2753:1:lwip_getsockname	56	static
../Middlewares/Third_Party/LwIP/src/api/sockets.c:2759:1:lwip_getsockopt	48	static
../Middlewares/Third_Party/LwIP/src/api/sockets.c:3205:1:lwip_setsockopt	48	static
../Middlewares/Third_Party/LwIP/src/api/sockets.c:3743:1:lwip_ioctl	32	static
../Middlewares/Third_Party/LwIP/src/api/sockets.c:3836:1:lwip_fcntl	32	static
../Middlewares/Third_Party/LwIP/src/api/sockets.c:3919:1:lwip_inet_ntop	8	static
../Middlewares/Third_Party/LwIP/src/api/sockets.c:3952:1:lwip_inet_pton	0	static
