../Drivers/CMSIS/Include/core_cm4.h:1939:34:void __NVIC_SystemReset()	4	static,ignoring_inline_asm
/opt/st/stm32cubeide_1.12.0/plugins/com.st.stm32cube.ide.mcu.externaltools.gnu-tools-for-stm32.10.3-2021.10.linux64_1.0.200.202301161003/tools/arm-none-eabi/include/c++/10.3.1/cmath:165:3:constexpr float std::ceil(float)	16	static
../RTOSSDK/startup/startup.cpp:44:5:int main_application()	48	static
../RTOSSDK/startup/startup.cpp:101:6:void app_main_task(void*)	16	static
../RTOSSDK/startup/startup.cpp:109:7:void vApplicationIdleHook()	8	static
../RTOSSDK/startup/startup.cpp:118:7:void vApplicationStackOverflowHook(TaskHandle_t, signed char*)	24	static,ignoring_inline_asm
../RTOSSDK/startup/startup.cpp:124:7:void vApplicationMallocFailedHook()	8	static
../RTOSSDK/startup/startup.cpp:132:13:void uart_log_init()	32	static
../RTOSSDK/startup/startup.cpp:170:13:void uart_log(char*)	40	static,ignoring_inline_asm
