../RTOSSDK/network/protocols/tcp/tcp_client.cpp:305:13:void tcp_client_send(tcp_pcb*, tcp_client_es_t*)	24	static
../RTOSSDK/network/protocols/tcp/tcp_client.cpp:335:13:void tcp_client_disconnect_handler(tcp_pcb*, tcp_handler_t*)	24	static
../RTOSSDK/network/protocols/tcp/tcp_client.cpp:109:14:err_t tcp_client_connected_handler(void*, tcp_pcb*, err_t)	32	static
../RTOSSDK/network/protocols/tcp/tcp_client.cpp:165:14:err_t tcp_client_receive_handler(void*, tcp_pcb*, pbuf*, err_t)	48	static
../RTOSSDK/network/protocols/tcp/tcp_client.cpp:276:14:err_t tcp_client_sent_handler(void*, tcp_pcb*, u16_t)	24	static
../RTOSSDK/network/protocols/tcp/tcp_client.cpp:238:14:err_t tcp_client_poll_handler(void*, tcp_pcb*)	24	static
../RTOSSDK/network/protocols/tcp/tcp_client.cpp:39:7:err_t tcp_client_connect(tcp_connection_t*)	16	static
../RTOSSDK/network/protocols/tcp/tcp_client.cpp:84:6:void tcp_client_disconnect(tcp_connection_t*)	8	static
../RTOSSDK/network/protocols/tcp/tcp_client.cpp:99:6:void tcp_client_send_data(tcp_connection_t*, char*)	16	static
