../RTOSSDK/components/wifiif/wifiif.cpp:66:13:void wifiif_debug(char*, int, char*)	32	static
../RTOSSDK/components/wifiif/wifiif.cpp:72:12:int wifiif_wait_response()	16	static
../RTOSSDK/components/wifiif/wifiif.cpp:85:12:int wifiif_is_err(char*)	16	static
../RTOSSDK/components/wifiif/wifiif.cpp:89:13:void wifiif_request(wifi_cmd_t, char*)	56	static
../RTOSSDK/components/wifiif/wifiif.cpp:138:6:void wifiif_register_request_function(void (*)(char*))	16	static
../RTOSSDK/components/wifiif/wifiif.cpp:142:6:void wifiif_register_command_handler(void (*)(wifi_cmd_t, void*))	16	static
../RTOSSDK/components/wifiif/wifiif.cpp:146:6:void wifiif_set_response_state(char*)	16	static
../RTOSSDK/components/wifiif/wifiif.cpp:151:6:void wifiif_reset_response_state()	8	static
../RTOSSDK/components/wifiif/wifiif.cpp:162:6:void wifiif_restart()	8	static
../RTOSSDK/components/wifiif/wifiif.cpp:165:6:void wifiif_scan()	8	static
../RTOSSDK/components/wifiif/wifiif.cpp:168:6:void wifiif_isconnect()	8	static
../RTOSSDK/components/wifiif/wifiif.cpp:171:6:void wifiif_connect(char*, char*, char*)	40	static
../RTOSSDK/components/wifiif/wifiif.cpp:179:6:void wifiif_disconnect()	8	static
../RTOSSDK/components/wifiif/wifiif.cpp:182:6:void wifiif_getIP()	8	static
../RTOSSDK/components/wifiif/wifiif.cpp:192:6:void wifiif_http_client_new()	8	static
../RTOSSDK/components/wifiif/wifiif.cpp:196:6:void wifiif_http_client_config(char*)	16	static
../RTOSSDK/components/wifiif/wifiif.cpp:200:6:void wifiif_http_client_init()	8	static
../RTOSSDK/components/wifiif/wifiif.cpp:204:6:void wifiif_http_client_clean()	8	static
../RTOSSDK/components/wifiif/wifiif.cpp:208:6:void wifiif_http_client_set_header(char*, char*)	24	static
../RTOSSDK/components/wifiif/wifiif.cpp:217:6:void wifiif_http_client_set_url(char*)	24	static
../RTOSSDK/components/wifiif/wifiif.cpp:226:6:void wifiif_http_client_set_method(char*)	24	static
../RTOSSDK/components/wifiif/wifiif.cpp:235:6:void wifiif_http_client_set_data(char*)	24	static
../RTOSSDK/components/wifiif/wifiif.cpp:244:6:void wifiif_http_client_request()	8	static
../RTOSSDK/components/wifiif/wifiif.cpp:249:6:void wifiif_state_running(bool)	16	static
../RTOSSDK/components/wifiif/wifiif.cpp:252:6:bool wifiif_state_is_running()	4	static
