../RTOSSDK/components/wifiif/wifiif.cpp:131:13:void wifiif_request(wifi_cmd_t, char*)	88	static
../RTOSSDK/components/wifiif/wifiif.cpp:90:6:void wifiif_get_break_data(char*)	32	static
../RTOSSDK/components/wifiif/wifiif.cpp:195:6:void wifiif_init(void (*)(char*, uint16_t))	8	static
../RTOSSDK/components/wifiif/wifiif.cpp:202:6:void wifiif_register_command_handler(void (*)(wifi_cmd_t, void*))	0	static
../RTOSSDK/components/wifiif/wifiif.cpp:209:6:void wifiif_restart()	8	static
../RTOSSDK/components/wifiif/wifiif.cpp:214:6:void wifiif_scan()	0	static
../RTOSSDK/components/wifiif/wifiif.cpp:217:6:void wifiif_checkconnect()	0	static
../RTOSSDK/components/wifiif/wifiif.cpp:220:6:bool wifiif_wificonnected()	0	static
../RTOSSDK/components/wifiif/wifiif.cpp:223:6:void wifiif_set_wificonnect_state(bool)	0	static
../RTOSSDK/components/wifiif/wifiif.cpp:226:6:void wifiif_connect(char*, char*, char*)	24	static
../RTOSSDK/components/wifiif/wifiif.cpp:234:6:void wifiif_disconnect()	0	static
../RTOSSDK/components/wifiif/wifiif.cpp:237:6:void wifiif_getIP()	0	static
../RTOSSDK/components/wifiif/wifiif.cpp:245:6:void wifiif_http_client_new()	0	static
../RTOSSDK/components/wifiif/wifiif.cpp:249:6:void wifiif_http_client_config(char*)	0	static
../RTOSSDK/components/wifiif/wifiif.cpp:253:6:void wifiif_http_client_init()	0	static
../RTOSSDK/components/wifiif/wifiif.cpp:257:6:void wifiif_http_client_clean()	0	static
../RTOSSDK/components/wifiif/wifiif.cpp:261:6:void wifiif_http_client_set_header(char*, char*)	16	static
../RTOSSDK/components/wifiif/wifiif.cpp:270:6:void wifiif_http_client_set_url(char*)	16	static
../RTOSSDK/components/wifiif/wifiif.cpp:279:6:void wifiif_http_client_set_method(char*)	16	static
../RTOSSDK/components/wifiif/wifiif.cpp:288:6:void wifiif_http_client_set_data(char*)	16	static
../RTOSSDK/components/wifiif/wifiif.cpp:297:6:void wifiif_http_client_request()	0	static
../RTOSSDK/components/wifiif/wifiif.cpp:302:6:void wifiif_state_running(bool)	0	static
../RTOSSDK/components/wifiif/wifiif.cpp:305:6:bool wifiif_state_is_running()	0	static
